[90m[4mquery:[24m[39m [94mSELECT[0m [95mversion[0m[37m([0m[37m)[0m
[90m[4mquery:[24m[39m [94mSELECT[0m [37m*[0m [94mFROM[0m [95mcurrent_schema[0m[37m([0m[37m)[0m
[90m[4mquery:[24m[39m [37mSTART[0m [37mTRANSACTION[0m
[90m[4mquery:[24m[39m [94mSELECT[0m [37m*[0m [94mFROM[0m [95mcurrent_schema[0m[37m([0m[37m)[0m
[90m[4mquery:[24m[39m [94mSELECT[0m [37m*[0m [94mFROM[0m [95mcurrent_database[0m[37m([0m[37m)[0m
[90m[4mquery:[24m[39m [94mSELECT[0m [37m"table_schema"[0m[37m,[0m [37m"table_name"[0m[37m,[0m [95mobj_description[0m[37m([0m[37m([0m[37m'"'[0m [37m|[0m[37m|[0m [37m"table_schema"[0m [37m|[0m[37m|[0m [37m'"."'[0m [37m|[0m[37m|[0m [37m"table_name"[0m [37m|[0m[37m|[0m [37m'"'[0m[37m)[0m[37m:[0m[37m:[0m[37mregclass[0m[37m,[0m [37m'pg_class'[0m[37m)[0m [94mAS[0m [37mtable_comment[0m [94mFROM[0m [37m"information_schema"[0m[37m.[0m[37m"tables"[0m [94mWHERE[0m [37m([0m[37m"table_schema"[0m [37m=[0m [37m'public'[0m [94mAND[0m [37m"table_name"[0m [37m=[0m [37m'users'[0m[37m)[0m [94mOR[0m [37m([0m[37m"table_schema"[0m [37m=[0m [37m'public'[0m [94mAND[0m [37m"table_name"[0m [37m=[0m [37m'trainers'[0m[37m)[0m [94mOR[0m [37m([0m[37m"table_schema"[0m [37m=[0m [37m'public'[0m [94mAND[0m [37m"table_name"[0m [37m=[0m [37m'access_logs'[0m[37m)[0m [94mOR[0m [37m([0m[37m"table_schema"[0m [37m=[0m [37m'public'[0m [94mAND[0m [37m"table_name"[0m [37m=[0m [37m'courses'[0m[37m)[0m [94mOR[0m [37m([0m[37m"table_schema"[0m [37m=[0m [37m'public'[0m [94mAND[0m [37m"table_name"[0m [37m=[0m [37m'payment_plans'[0m[37m)[0m [94mOR[0m [37m([0m[37m"table_schema"[0m [37m=[0m [37m'public'[0m [94mAND[0m [37m"table_name"[0m [37m=[0m [37m'installments'[0m[37m)[0m [94mOR[0m [37m([0m[37m"table_schema"[0m [37m=[0m [37m'public'[0m [94mAND[0m [37m"table_name"[0m [37m=[0m [37m'payments'[0m[37m)[0m [94mOR[0m [37m([0m[37m"table_schema"[0m [37m=[0m [37m'public'[0m [94mAND[0m [37m"table_name"[0m [37m=[0m [37m'enrollments'[0m[37m)[0m [94mOR[0m [37m([0m[37m"table_schema"[0m [37m=[0m [37m'public'[0m [94mAND[0m [37m"table_name"[0m [37m=[0m [37m'students'[0m[37m)[0m
[90m[4mquery:[24m[39m [94mSELECT[0m [94mTRUE[0m [94mFROM[0m [37minformation_schema[0m[37m.[0m[37mcolumns[0m [94mWHERE[0m [37mtable_name[0m [37m=[0m [37m'pg_class'[0m [94mand[0m [37mcolumn_name[0m [37m=[0m [37m'relispartition'[0m
[90m[4mquery:[24m[39m [94mSELECT[0m [37mcolumns[0m[37m.[0m[37m*[0m[37m,[0m [37mpg_catalog[0m[37m.[0m[95mcol_description[0m[37m([0m[37m([0m[37m'"'[0m [37m|[0m[37m|[0m [37mtable_catalog[0m [37m|[0m[37m|[0m [37m'"."'[0m [37m|[0m[37m|[0m [37mtable_schema[0m [37m|[0m[37m|[0m [37m'"."'[0m [37m|[0m[37m|[0m [37mtable_name[0m [37m|[0m[37m|[0m [37m'"'[0m[37m)[0m[37m:[0m[37m:[0m[37mregclass[0m[37m:[0m[37m:[0m[37moid[0m[37m,[0m [37mordinal_position[0m[37m)[0m [94mAS[0m [37mdescription[0m[37m,[0m [37m([0m[37m'"'[0m [37m|[0m[37m|[0m [37m"udt_schema"[0m [37m|[0m[37m|[0m [37m'"."'[0m [37m|[0m[37m|[0m [37m"udt_name"[0m [37m|[0m[37m|[0m [37m'"'[0m[37m)[0m[37m:[0m[37m:[0m[37m"regtype"[0m[37m:[0m[37m:[0m[94mtext[0m [94mAS[0m [37m"regtype"[0m[37m,[0m [37mpg_catalog[0m[37m.[0m[95mformat_type[0m[37m([0m[37m"col_attr"[0m[37m.[0m[37m"atttypid"[0m[37m,[0m [37m"col_attr"[0m[37m.[0m[37m"atttypmod"[0m[37m)[0m [94mAS[0m [37m"format_type"[0m [94mFROM[0m [37m"information_schema"[0m[37m.[0m[37m"columns"[0m [94mLEFT JOIN[0m [37m"pg_catalog"[0m[37m.[0m[37m"pg_attribute"[0m [94mAS[0m [37m"col_attr"[0m [94mON[0m [37m"col_attr"[0m[37m.[0m[37m"attname"[0m [37m=[0m [37m"columns"[0m[37m.[0m[37m"column_name"[0m [94mAND[0m [37m"col_attr"[0m[37m.[0m[37m"attrelid"[0m [37m=[0m [37m([0m [94mSELECT[0m [37m"cls"[0m[37m.[0m[37m"oid"[0m [94mFROM[0m [37m"pg_catalog"[0m[37m.[0m[37m"pg_class"[0m [94mAS[0m [37m"cls"[0m [94mLEFT JOIN[0m [37m"pg_catalog"[0m[37m.[0m[37m"pg_namespace"[0m [94mAS[0m [37m"ns"[0m [94mON[0m [37m"ns"[0m[37m.[0m[37m"oid"[0m [37m=[0m [37m"cls"[0m[37m.[0m[37m"relnamespace"[0m [94mWHERE[0m [37m"cls"[0m[37m.[0m[37m"relname"[0m [37m=[0m [37m"columns"[0m[37m.[0m[37m"table_name"[0m [94mAND[0m [37m"ns"[0m[37m.[0m[37m"nspname"[0m [37m=[0m [37m"columns"[0m[37m.[0m[37m"table_schema"[0m [37m)[0m [94mWHERE[0m [37m([0m[37m"table_schema"[0m [37m=[0m [37m'public'[0m [94mAND[0m [37m"table_name"[0m [37m=[0m [37m'users'[0m[37m)[0m [94mOR[0m [37m([0m[37m"table_schema"[0m [37m=[0m [37m'public'[0m [94mAND[0m [37m"table_name"[0m [37m=[0m [37m'students'[0m[37m)[0m [94mOR[0m [37m([0m[37m"table_schema"[0m [37m=[0m [37m'public'[0m [94mAND[0m [37m"table_name"[0m [37m=[0m [37m'trainers'[0m[37m)[0m [94mOR[0m [37m([0m[37m"table_schema"[0m [37m=[0m [37m'public'[0m [94mAND[0m [37m"table_name"[0m [37m=[0m [37m'courses'[0m[37m)[0m [94mOR[0m [37m([0m[37m"table_schema"[0m [37m=[0m [37m'public'[0m [94mAND[0m [37m"table_name"[0m [37m=[0m [37m'enrollments'[0m[37m)[0m [94mOR[0m [37m([0m[37m"table_schema"[0m [37m=[0m [37m'public'[0m [94mAND[0m [37m"table_name"[0m [37m=[0m [37m'payment_plans'[0m[37m)[0m [94mOR[0m [37m([0m[37m"table_schema"[0m [37m=[0m [37m'public'[0m [94mAND[0m [37m"table_name"[0m [37m=[0m [37m'installments'[0m[37m)[0m [94mOR[0m [37m([0m[37m"table_schema"[0m [37m=[0m [37m'public'[0m [94mAND[0m [37m"table_name"[0m [37m=[0m [37m'access_logs'[0m[37m)[0m [94mOR[0m [37m([0m[37m"table_schema"[0m [37m=[0m [37m'public'[0m [94mAND[0m [37m"table_name"[0m [37m=[0m [37m'payments'[0m[37m)[0m
[90m[4mquery:[24m[39m [94mSELECT[0m [37m"ns"[0m[37m.[0m[37m"nspname"[0m [94mAS[0m [37m"table_schema"[0m[37m,[0m [37m"t"[0m[37m.[0m[37m"relname"[0m [94mAS[0m [37m"table_name"[0m[37m,[0m [37m"cnst"[0m[37m.[0m[37m"conname"[0m [94mAS[0m [37m"constraint_name"[0m[37m,[0m [95mpg_get_constraintdef[0m[37m([0m[37m"cnst"[0m[37m.[0m[37m"oid"[0m[37m)[0m [94mAS[0m [37m"expression"[0m[37m,[0m [94mCASE[0m [37m"cnst"[0m[37m.[0m[37m"contype"[0m [94mWHEN[0m [37m'p'[0m [94mTHEN[0m [37m'PRIMARY'[0m [94mWHEN[0m [37m'u'[0m [94mTHEN[0m [37m'UNIQUE'[0m [94mWHEN[0m [37m'c'[0m [94mTHEN[0m [37m'CHECK'[0m [94mWHEN[0m [37m'x'[0m [94mTHEN[0m [37m'EXCLUDE'[0m [94mEND[0m [94mAS[0m [37m"constraint_type"[0m[37m,[0m [37m"a"[0m[37m.[0m[37m"attname"[0m [94mAS[0m [37m"column_name"[0m [94mFROM[0m [37m"pg_constraint"[0m [37m"cnst"[0m [94mINNER JOIN[0m [37m"pg_class"[0m [37m"t"[0m [94mON[0m [37m"t"[0m[37m.[0m[37m"oid"[0m [37m=[0m [37m"cnst"[0m[37m.[0m[37m"conrelid"[0m [94mINNER JOIN[0m [37m"pg_namespace"[0m [37m"ns"[0m [94mON[0m [37m"ns"[0m[37m.[0m[37m"oid"[0m [37m=[0m [37m"cnst"[0m[37m.[0m[37m"connamespace"[0m [94mLEFT JOIN[0m [37m"pg_attribute"[0m [37m"a"[0m [94mON[0m [37m"a"[0m[37m.[0m[37m"attrelid"[0m [37m=[0m [37m"cnst"[0m[37m.[0m[37m"conrelid"[0m [94mAND[0m [37m"a"[0m[37m.[0m[37m"attnum"[0m [37m=[0m [94mANY[0m [37m([0m[37m"cnst"[0m[37m.[0m[37m"conkey"[0m[37m)[0m [94mWHERE[0m [37m"t"[0m[37m.[0m[37m"relkind"[0m [94mIN[0m [37m([0m[37m'r'[0m[37m,[0m [37m'p'[0m[37m)[0m [94mAND[0m [37m([0m[37m([0m[37m"ns"[0m[37m.[0m[37m"nspname"[0m [37m=[0m [37m'public'[0m [94mAND[0m [37m"t"[0m[37m.[0m[37m"relname"[0m [37m=[0m [37m'users'[0m[37m)[0m [94mOR[0m [37m([0m[37m"ns"[0m[37m.[0m[37m"nspname"[0m [37m=[0m [37m'public'[0m [94mAND[0m [37m"t"[0m[37m.[0m[37m"relname"[0m [37m=[0m [37m'students'[0m[37m)[0m [94mOR[0m [37m([0m[37m"ns"[0m[37m.[0m[37m"nspname"[0m [37m=[0m [37m'public'[0m [94mAND[0m [37m"t"[0m[37m.[0m[37m"relname"[0m [37m=[0m [37m'trainers'[0m[37m)[0m [94mOR[0m [37m([0m[37m"ns"[0m[37m.[0m[37m"nspname"[0m [37m=[0m [37m'public'[0m [94mAND[0m [37m"t"[0m[37m.[0m[37m"relname"[0m [37m=[0m [37m'courses'[0m[37m)[0m [94mOR[0m [37m([0m[37m"ns"[0m[37m.[0m[37m"nspname"[0m [37m=[0m [37m'public'[0m [94mAND[0m [37m"t"[0m[37m.[0m[37m"relname"[0m [37m=[0m [37m'enrollments'[0m[37m)[0m [94mOR[0m [37m([0m[37m"ns"[0m[37m.[0m[37m"nspname"[0m [37m=[0m [37m'public'[0m [94mAND[0m [37m"t"[0m[37m.[0m[37m"relname"[0m [37m=[0m [37m'payment_plans'[0m[37m)[0m [94mOR[0m [37m([0m[37m"ns"[0m[37m.[0m[37m"nspname"[0m [37m=[0m [37m'public'[0m [94mAND[0m [37m"t"[0m[37m.[0m[37m"relname"[0m [37m=[0m [37m'installments'[0m[37m)[0m [94mOR[0m [37m([0m[37m"ns"[0m[37m.[0m[37m"nspname"[0m [37m=[0m [37m'public'[0m [94mAND[0m [37m"t"[0m[37m.[0m[37m"relname"[0m [37m=[0m [37m'access_logs'[0m[37m)[0m [94mOR[0m [37m([0m[37m"ns"[0m[37m.[0m[37m"nspname"[0m [37m=[0m [37m'public'[0m [94mAND[0m [37m"t"[0m[37m.[0m[37m"relname"[0m [37m=[0m [37m'payments'[0m[37m)[0m[37m)[0m
[90m[4mquery:[24m[39m [94mSELECT[0m [37m"ns"[0m[37m.[0m[37m"nspname"[0m [94mAS[0m [37m"table_schema"[0m[37m,[0m [37m"t"[0m[37m.[0m[37m"relname"[0m [94mAS[0m [37m"table_name"[0m[37m,[0m [37m"i"[0m[37m.[0m[37m"relname"[0m [94mAS[0m [37m"constraint_name"[0m[37m,[0m [37m"a"[0m[37m.[0m[37m"attname"[0m [94mAS[0m [37m"column_name"[0m[37m,[0m [94mCASE[0m [37m"ix"[0m[37m.[0m[37m"indisunique"[0m [94mWHEN[0m [37m't'[0m [94mTHEN[0m [37m'TRUE'[0m [94mELSE[0m[37m'FALSE'[0m [94mEND[0m [94mAS[0m [37m"is_unique"[0m[37m,[0m [95mpg_get_expr[0m[37m([0m[37m"ix"[0m[37m.[0m[37m"indpred"[0m[37m,[0m [37m"ix"[0m[37m.[0m[37m"indrelid"[0m[37m)[0m [94mAS[0m [37m"condition"[0m[37m,[0m [37m"types"[0m[37m.[0m[37m"typname"[0m [94mAS[0m [37m"type_name"[0m[37m,[0m [37m"am"[0m[37m.[0m[37m"amname"[0m [94mAS[0m [37m"index_type"[0m [94mFROM[0m [37m"pg_class"[0m [37m"t"[0m [94mINNER JOIN[0m [37m"pg_index"[0m [37m"ix"[0m [94mON[0m [37m"ix"[0m[37m.[0m[37m"indrelid"[0m [37m=[0m [37m"t"[0m[37m.[0m[37m"oid"[0m [94mINNER JOIN[0m [37m"pg_attribute"[0m [37m"a"[0m [94mON[0m [37m"a"[0m[37m.[0m[37m"attrelid"[0m [37m=[0m [37m"t"[0m[37m.[0m[37m"oid"[0m  [94mAND[0m [37m"a"[0m[37m.[0m[37m"attnum"[0m [37m=[0m [94mANY[0m [37m([0m[37m"ix"[0m[37m.[0m[37m"indkey"[0m[37m)[0m [94mINNER JOIN[0m [37m"pg_namespace"[0m [37m"ns"[0m [94mON[0m [37m"ns"[0m[37m.[0m[37m"oid"[0m [37m=[0m [37m"t"[0m[37m.[0m[37m"relnamespace"[0m [94mINNER JOIN[0m [37m"pg_class"[0m [37m"i"[0m [94mON[0m [37m"i"[0m[37m.[0m[37m"oid"[0m [37m=[0m [37m"ix"[0m[37m.[0m[37m"indexrelid"[0m [94mINNER JOIN[0m [37m"pg_type"[0m [37m"types"[0m [94mON[0m [37m"types"[0m[37m.[0m[37m"oid"[0m [37m=[0m [37m"a"[0m[37m.[0m[37m"atttypid"[0m [94mINNER JOIN[0m [37m"pg_am"[0m [37m"am"[0m [94mON[0m [37m"i"[0m[37m.[0m[37m"relam"[0m [37m=[0m [37m"am"[0m[37m.[0m[37m"oid"[0m [94mLEFT JOIN[0m [37m"pg_constraint"[0m [37m"cnst"[0m [94mON[0m [37m"cnst"[0m[37m.[0m[37m"conname"[0m [37m=[0m [37m"i"[0m[37m.[0m[37m"relname"[0m [94mWHERE[0m [37m"t"[0m[37m.[0m[37m"relkind"[0m [94mIN[0m [37m([0m[37m'r'[0m[37m,[0m [37m'p'[0m[37m)[0m [94mAND[0m [37m"cnst"[0m[37m.[0m[37m"contype"[0m [94mIS NULL[0m [94mAND[0m [37m([0m[37m([0m[37m"ns"[0m[37m.[0m[37m"nspname"[0m [37m=[0m [37m'public'[0m [94mAND[0m [37m"t"[0m[37m.[0m[37m"relname"[0m [37m=[0m [37m'users'[0m[37m)[0m [94mOR[0m [37m([0m[37m"ns"[0m[37m.[0m[37m"nspname"[0m [37m=[0m [37m'public'[0m [94mAND[0m [37m"t"[0m[37m.[0m[37m"relname"[0m [37m=[0m [37m'students'[0m[37m)[0m [94mOR[0m [37m([0m[37m"ns"[0m[37m.[0m[37m"nspname"[0m [37m=[0m [37m'public'[0m [94mAND[0m [37m"t"[0m[37m.[0m[37m"relname"[0m [37m=[0m [37m'trainers'[0m[37m)[0m [94mOR[0m [37m([0m[37m"ns"[0m[37m.[0m[37m"nspname"[0m [37m=[0m [37m'public'[0m [94mAND[0m [37m"t"[0m[37m.[0m[37m"relname"[0m [37m=[0m [37m'courses'[0m[37m)[0m [94mOR[0m [37m([0m[37m"ns"[0m[37m.[0m[37m"nspname"[0m [37m=[0m [37m'public'[0m [94mAND[0m [37m"t"[0m[37m.[0m[37m"relname"[0m [37m=[0m [37m'enrollments'[0m[37m)[0m [94mOR[0m [37m([0m[37m"ns"[0m[37m.[0m[37m"nspname"[0m [37m=[0m [37m'public'[0m [94mAND[0m [37m"t"[0m[37m.[0m[37m"relname"[0m [37m=[0m [37m'payment_plans'[0m[37m)[0m [94mOR[0m [37m([0m[37m"ns"[0m[37m.[0m[37m"nspname"[0m [37m=[0m [37m'public'[0m [94mAND[0m [37m"t"[0m[37m.[0m[37m"relname"[0m [37m=[0m [37m'installments'[0m[37m)[0m [94mOR[0m [37m([0m[37m"ns"[0m[37m.[0m[37m"nspname"[0m [37m=[0m [37m'public'[0m [94mAND[0m [37m"t"[0m[37m.[0m[37m"relname"[0m [37m=[0m [37m'access_logs'[0m[37m)[0m [94mOR[0m [37m([0m[37m"ns"[0m[37m.[0m[37m"nspname"[0m [37m=[0m [37m'public'[0m [94mAND[0m [37m"t"[0m[37m.[0m[37m"relname"[0m [37m=[0m [37m'payments'[0m[37m)[0m[37m)[0m
[90m[4mquery:[24m[39m [94mSELECT[0m [37m"con"[0m[37m.[0m[37m"conname"[0m [94mAS[0m [37m"constraint_name"[0m[37m,[0m [37m"con"[0m[37m.[0m[37m"nspname"[0m [94mAS[0m [37m"table_schema"[0m[37m,[0m [37m"con"[0m[37m.[0m[37m"relname"[0m [94mAS[0m [37m"table_name"[0m[37m,[0m [37m"att2"[0m[37m.[0m[37m"attname"[0m [94mAS[0m [37m"column_name"[0m[37m,[0m [37m"ns"[0m[37m.[0m[37m"nspname"[0m [94mAS[0m [37m"referenced_table_schema"[0m[37m,[0m [37m"cl"[0m[37m.[0m[37m"relname"[0m [94mAS[0m [37m"referenced_table_name"[0m[37m,[0m [37m"att"[0m[37m.[0m[37m"attname"[0m [94mAS[0m [37m"referenced_column_name"[0m[37m,[0m [37m"con"[0m[37m.[0m[37m"confdeltype"[0m [94mAS[0m [37m"on_delete"[0m[37m,[0m [37m"con"[0m[37m.[0m[37m"confupdtype"[0m [94mAS[0m [37m"on_update"[0m[37m,[0m [37m"con"[0m[37m.[0m[37m"condeferrable"[0m [94mAS[0m [37m"deferrable"[0m[37m,[0m [37m"con"[0m[37m.[0m[37m"condeferred"[0m [94mAS[0m [37m"deferred"[0m [94mFROM[0m [37m([0m [94mSELECT[0m [95mUNNEST[0m [37m([0m[37m"con1"[0m[37m.[0m[37m"conkey"[0m[37m)[0m [94mAS[0m [37m"parent"[0m[37m,[0m [95mUNNEST[0m [37m([0m[37m"con1"[0m[37m.[0m[37m"confkey"[0m[37m)[0m [94mAS[0m [37m"child"[0m[37m,[0m [37m"con1"[0m[37m.[0m[37m"confrelid"[0m[37m,[0m [37m"con1"[0m[37m.[0m[37m"conrelid"[0m[37m,[0m [37m"con1"[0m[37m.[0m[37m"conname"[0m[37m,[0m [37m"con1"[0m[37m.[0m[37m"contype"[0m[37m,[0m [37m"ns"[0m[37m.[0m[37m"nspname"[0m[37m,[0m [37m"cl"[0m[37m.[0m[37m"relname"[0m[37m,[0m [37m"con1"[0m[37m.[0m[37m"condeferrable"[0m[37m,[0m [94mCASE[0m [94mWHEN[0m [37m"con1"[0m[37m.[0m[37m"condeferred"[0m [94mTHEN[0m [37m'INITIALLY DEFERRED'[0m [94mELSE[0m [37m'INITIALLY IMMEDIATE'[0m [94mEND[0m [94mas[0m [37mcondeferred[0m[37m,[0m [94mCASE[0m [37m"con1"[0m[37m.[0m[37m"confdeltype"[0m [94mWHEN[0m [37m'a'[0m [94mTHEN[0m [37m'NO ACTION'[0m [94mWHEN[0m [37m'r'[0m [94mTHEN[0m [37m'RESTRICT'[0m [94mWHEN[0m [37m'c'[0m [94mTHEN[0m [37m'CASCADE'[0m [94mWHEN[0m [37m'n'[0m [94mTHEN[0m [37m'SET NULL'[0m [94mWHEN[0m [37m'd'[0m [94mTHEN[0m [37m'SET DEFAULT'[0m [94mEND[0m [94mas[0m [37m"confdeltype"[0m[37m,[0m [94mCASE[0m [37m"con1"[0m[37m.[0m[37m"confupdtype"[0m [94mWHEN[0m [37m'a'[0m [94mTHEN[0m [37m'NO ACTION'[0m [94mWHEN[0m [37m'r'[0m [94mTHEN[0m [37m'RESTRICT'[0m [94mWHEN[0m [37m'c'[0m [94mTHEN[0m [37m'CASCADE'[0m [94mWHEN[0m [37m'n'[0m [94mTHEN[0m [37m'SET NULL'[0m [94mWHEN[0m [37m'd'[0m [94mTHEN[0m [37m'SET DEFAULT'[0m [94mEND[0m [94mas[0m [37m"confupdtype"[0m [94mFROM[0m [37m"pg_class"[0m [37m"cl"[0m [94mINNER JOIN[0m [37m"pg_namespace"[0m [37m"ns"[0m [94mON[0m [37m"cl"[0m[37m.[0m[37m"relnamespace"[0m [37m=[0m [37m"ns"[0m[37m.[0m[37m"oid"[0m [94mINNER JOIN[0m [37m"pg_constraint"[0m [37m"con1"[0m [94mON[0m [37m"con1"[0m[37m.[0m[37m"conrelid"[0m [37m=[0m [37m"cl"[0m[37m.[0m[37m"oid"[0m [94mWHERE[0m [37m"con1"[0m[37m.[0m[37m"contype"[0m [37m=[0m [37m'f'[0m [94mAND[0m [37m([0m[37m([0m[37m"ns"[0m[37m.[0m[37m"nspname"[0m [37m=[0m [37m'public'[0m [94mAND[0m [37m"cl"[0m[37m.[0m[37m"relname"[0m [37m=[0m [37m'users'[0m[37m)[0m [94mOR[0m [37m([0m[37m"ns"[0m[37m.[0m[37m"nspname"[0m [37m=[0m [37m'public'[0m [94mAND[0m [37m"cl"[0m[37m.[0m[37m"relname"[0m [37m=[0m [37m'students'[0m[37m)[0m [94mOR[0m [37m([0m[37m"ns"[0m[37m.[0m[37m"nspname"[0m [37m=[0m [37m'public'[0m [94mAND[0m [37m"cl"[0m[37m.[0m[37m"relname"[0m [37m=[0m [37m'trainers'[0m[37m)[0m [94mOR[0m [37m([0m[37m"ns"[0m[37m.[0m[37m"nspname"[0m [37m=[0m [37m'public'[0m [94mAND[0m [37m"cl"[0m[37m.[0m[37m"relname"[0m [37m=[0m [37m'courses'[0m[37m)[0m [94mOR[0m [37m([0m[37m"ns"[0m[37m.[0m[37m"nspname"[0m [37m=[0m [37m'public'[0m [94mAND[0m [37m"cl"[0m[37m.[0m[37m"relname"[0m [37m=[0m [37m'enrollments'[0m[37m)[0m [94mOR[0m [37m([0m[37m"ns"[0m[37m.[0m[37m"nspname"[0m [37m=[0m [37m'public'[0m [94mAND[0m [37m"cl"[0m[37m.[0m[37m"relname"[0m [37m=[0m [37m'payment_plans'[0m[37m)[0m [94mOR[0m [37m([0m[37m"ns"[0m[37m.[0m[37m"nspname"[0m [37m=[0m [37m'public'[0m [94mAND[0m [37m"cl"[0m[37m.[0m[37m"relname"[0m [37m=[0m [37m'installments'[0m[37m)[0m [94mOR[0m [37m([0m[37m"ns"[0m[37m.[0m[37m"nspname"[0m [37m=[0m [37m'public'[0m [94mAND[0m [37m"cl"[0m[37m.[0m[37m"relname"[0m [37m=[0m [37m'access_logs'[0m[37m)[0m [94mOR[0m [37m([0m[37m"ns"[0m[37m.[0m[37m"nspname"[0m [37m=[0m [37m'public'[0m [94mAND[0m [37m"cl"[0m[37m.[0m[37m"relname"[0m [37m=[0m [37m'payments'[0m[37m)[0m[37m)[0m [37m)[0m [37m"con"[0m [94mINNER JOIN[0m [37m"pg_attribute"[0m [37m"att"[0m [94mON[0m [37m"att"[0m[37m.[0m[37m"attrelid"[0m [37m=[0m [37m"con"[0m[37m.[0m[37m"confrelid"[0m [94mAND[0m [37m"att"[0m[37m.[0m[37m"attnum"[0m [37m=[0m [37m"con"[0m[37m.[0m[37m"child"[0m [94mINNER JOIN[0m [37m"pg_class"[0m [37m"cl"[0m [94mON[0m [37m"cl"[0m[37m.[0m[37m"oid"[0m [37m=[0m [37m"con"[0m[37m.[0m[37m"confrelid"[0m  [94mAND[0m [37m"cl"[0m[37m.[0m[37m"relispartition"[0m [37m=[0m [37m'f'[0m[94mINNER JOIN[0m [37m"pg_namespace"[0m [37m"ns"[0m [94mON[0m [37m"cl"[0m[37m.[0m[37m"relnamespace"[0m [37m=[0m [37m"ns"[0m[37m.[0m[37m"oid"[0m [94mINNER JOIN[0m [37m"pg_attribute"[0m [37m"att2"[0m [94mON[0m [37m"att2"[0m[37m.[0m[37m"attrelid"[0m [37m=[0m [37m"con"[0m[37m.[0m[37m"conrelid"[0m [94mAND[0m [37m"att2"[0m[37m.[0m[37m"attnum"[0m [37m=[0m [37m"con"[0m[37m.[0m[37m"parent"[0m
[90m[4mquery:[24m[39m [94mSELECT[0m [37m"udt_schema"[0m[37m,[0m [37m"udt_name"[0m [94mFROM[0m [37m"information_schema"[0m[37m.[0m[37m"columns"[0m [94mWHERE[0m [37m"table_schema"[0m [37m=[0m [37m'public'[0m [94mAND[0m [37m"table_name"[0m [37m=[0m [37m'users'[0m [94mAND[0m [37m"column_name"[0m[37m=[0m[37m'role'[0m
[90m[4mquery:[24m[39m [94mSELECT[0m [37m"udt_schema"[0m[37m,[0m [37m"udt_name"[0m [94mFROM[0m [37m"information_schema"[0m[37m.[0m[37m"columns"[0m [94mWHERE[0m [37m"table_schema"[0m [37m=[0m [37m'public'[0m [94mAND[0m [37m"table_name"[0m [37m=[0m [37m'courses'[0m [94mAND[0m [37m"column_name"[0m[37m=[0m[37m'type'[0m
[90m[4mquery:[24m[39m [94mSELECT[0m [37m"udt_schema"[0m[37m,[0m [37m"udt_name"[0m [94mFROM[0m [37m"information_schema"[0m[37m.[0m[37m"columns"[0m [94mWHERE[0m [37m"table_schema"[0m [37m=[0m [37m'public'[0m [94mAND[0m [37m"table_name"[0m [37m=[0m [37m'courses'[0m [94mAND[0m [37m"column_name"[0m[37m=[0m[37m'price_model'[0m
[90m[4mquery:[24m[39m [94mSELECT[0m [37m"udt_schema"[0m[37m,[0m [37m"udt_name"[0m [94mFROM[0m [37m"information_schema"[0m[37m.[0m[37m"columns"[0m [94mWHERE[0m [37m"table_schema"[0m [37m=[0m [37m'public'[0m [94mAND[0m [37m"table_name"[0m [37m=[0m [37m'enrollments'[0m [94mAND[0m [37m"column_name"[0m[37m=[0m[37m'status'[0m
[90m[4mquery:[24m[39m [94mSELECT[0m [37m"udt_schema"[0m[37m,[0m [37m"udt_name"[0m [94mFROM[0m [37m"information_schema"[0m[37m.[0m[37m"columns"[0m [94mWHERE[0m [37m"table_schema"[0m [37m=[0m [37m'public'[0m [94mAND[0m [37m"table_name"[0m [37m=[0m [37m'access_logs'[0m [94mAND[0m [37m"column_name"[0m[37m=[0m[37m'status'[0m
[90m[4mquery:[24m[39m [94mSELECT[0m [37m"e"[0m[37m.[0m[37m"enumlabel"[0m [94mAS[0m [37m"value"[0m [94mFROM[0m [37m"pg_enum"[0m [37m"e"[0m [94mINNER JOIN[0m [37m"pg_type"[0m [37m"t"[0m [94mON[0m [37m"t"[0m[37m.[0m[37m"oid"[0m [37m=[0m [37m"e"[0m[37m.[0m[37m"enumtypid"[0m [94mINNER JOIN[0m [37m"pg_namespace"[0m [37m"n"[0m [94mON[0m [37m"n"[0m[37m.[0m[37m"oid"[0m [37m=[0m [37m"t"[0m[37m.[0m[37m"typnamespace"[0m [94mWHERE[0m [37m"n"[0m[37m.[0m[37m"nspname"[0m [37m=[0m [37m'public'[0m [94mAND[0m [37m"t"[0m[37m.[0m[37m"typname"[0m [37m=[0m [37m'user_role_enum'[0m
[90m[4mquery:[24m[39m [94mSELECT[0m [37m"e"[0m[37m.[0m[37m"enumlabel"[0m [94mAS[0m [37m"value"[0m [94mFROM[0m [37m"pg_enum"[0m [37m"e"[0m [94mINNER JOIN[0m [37m"pg_type"[0m [37m"t"[0m [94mON[0m [37m"t"[0m[37m.[0m[37m"oid"[0m [37m=[0m [37m"e"[0m[37m.[0m[37m"enumtypid"[0m [94mINNER JOIN[0m [37m"pg_namespace"[0m [37m"n"[0m [94mON[0m [37m"n"[0m[37m.[0m[37m"oid"[0m [37m=[0m [37m"t"[0m[37m.[0m[37m"typnamespace"[0m [94mWHERE[0m [37m"n"[0m[37m.[0m[37m"nspname"[0m [37m=[0m [37m'public'[0m [94mAND[0m [37m"t"[0m[37m.[0m[37m"typname"[0m [37m=[0m [37m'course_type_enum'[0m
[90m[4mquery:[24m[39m [94mSELECT[0m [37m"e"[0m[37m.[0m[37m"enumlabel"[0m [94mAS[0m [37m"value"[0m [94mFROM[0m [37m"pg_enum"[0m [37m"e"[0m [94mINNER JOIN[0m [37m"pg_type"[0m [37m"t"[0m [94mON[0m [37m"t"[0m[37m.[0m[37m"oid"[0m [37m=[0m [37m"e"[0m[37m.[0m[37m"enumtypid"[0m [94mINNER JOIN[0m [37m"pg_namespace"[0m [37m"n"[0m [94mON[0m [37m"n"[0m[37m.[0m[37m"oid"[0m [37m=[0m [37m"t"[0m[37m.[0m[37m"typnamespace"[0m [94mWHERE[0m [37m"n"[0m[37m.[0m[37m"nspname"[0m [37m=[0m [37m'public'[0m [94mAND[0m [37m"t"[0m[37m.[0m[37m"typname"[0m [37m=[0m [37m'price_model_enum'[0m
[90m[4mquery:[24m[39m [94mSELECT[0m [37m"e"[0m[37m.[0m[37m"enumlabel"[0m [94mAS[0m [37m"value"[0m [94mFROM[0m [37m"pg_enum"[0m [37m"e"[0m [94mINNER JOIN[0m [37m"pg_type"[0m [37m"t"[0m [94mON[0m [37m"t"[0m[37m.[0m[37m"oid"[0m [37m=[0m [37m"e"[0m[37m.[0m[37m"enumtypid"[0m [94mINNER JOIN[0m [37m"pg_namespace"[0m [37m"n"[0m [94mON[0m [37m"n"[0m[37m.[0m[37m"oid"[0m [37m=[0m [37m"t"[0m[37m.[0m[37m"typnamespace"[0m [94mWHERE[0m [37m"n"[0m[37m.[0m[37m"nspname"[0m [37m=[0m [37m'public'[0m [94mAND[0m [37m"t"[0m[37m.[0m[37m"typname"[0m [37m=[0m [37m'enrollment_status_enum'[0m
[90m[4mquery:[24m[39m [94mSELECT[0m [37m"e"[0m[37m.[0m[37m"enumlabel"[0m [94mAS[0m [37m"value"[0m [94mFROM[0m [37m"pg_enum"[0m [37m"e"[0m [94mINNER JOIN[0m [37m"pg_type"[0m [37m"t"[0m [94mON[0m [37m"t"[0m[37m.[0m[37m"oid"[0m [37m=[0m [37m"e"[0m[37m.[0m[37m"enumtypid"[0m [94mINNER JOIN[0m [37m"pg_namespace"[0m [37m"n"[0m [94mON[0m [37m"n"[0m[37m.[0m[37m"oid"[0m [37m=[0m [37m"t"[0m[37m.[0m[37m"typnamespace"[0m [94mWHERE[0m [37m"n"[0m[37m.[0m[37m"nspname"[0m [37m=[0m [37m'public'[0m [94mAND[0m [37m"t"[0m[37m.[0m[37m"typname"[0m [37m=[0m [37m'access_status_enum'[0m
[90m[4mquery:[24m[39m [94mSELECT[0m [37m*[0m [94mFROM[0m [37m"information_schema"[0m[37m.[0m[37m"tables"[0m [94mWHERE[0m [37m"table_schema"[0m [37m=[0m [37m'public'[0m [94mAND[0m [37m"table_name"[0m [37m=[0m [37m'typeorm_metadata'[0m
[90m[4mquery:[24m[39m [94mALTER TABLE[0m [37m"access_logs"[0m [94mDROP CONSTRAINT[0m [37m"access_logs_student_id_fkey"[0m
[90m[4mquery:[24m[39m [94mALTER TABLE[0m [37m"access_logs"[0m [94mDROP CONSTRAINT[0m [37m"access_logs_course_id_fkey"[0m
[90m[4mquery:[24m[39m [94mALTER TABLE[0m [37m"courses"[0m [94mDROP CONSTRAINT[0m [37m"courses_trainer_id_fkey"[0m
[90m[4mquery:[24m[39m [94mALTER TABLE[0m [37m"installments"[0m [94mDROP CONSTRAINT[0m [37m"installments_enrollment_id_fkey"[0m
[90m[4mquery:[24m[39m [94mALTER TABLE[0m [37m"payments"[0m [94mDROP CONSTRAINT[0m [37m"payments_enrollment_id_fkey"[0m
[90m[4mquery:[24m[39m [94mALTER TABLE[0m [37m"payments"[0m [94mDROP CONSTRAINT[0m [37m"payments_installment_id_fkey"[0m
[90m[4mquery:[24m[39m [94mALTER TABLE[0m [37m"enrollments"[0m [94mDROP CONSTRAINT[0m [37m"enrollments_student_id_fkey"[0m
[90m[4mquery:[24m[39m [94mALTER TABLE[0m [37m"enrollments"[0m [94mDROP CONSTRAINT[0m [37m"enrollments_course_id_fkey"[0m
[90m[4mquery:[24m[39m [94mALTER TABLE[0m [37m"enrollments"[0m [94mDROP CONSTRAINT[0m [37m"enrollments_payment_plan_id_fkey"[0m
[90m[4mquery:[24m[39m [94mSELECT[0m [37m"n"[0m[37m.[0m[37m"nspname"[0m[37m,[0m [37m"t"[0m[37m.[0m[37m"typname"[0m [94mFROM[0m [37m"pg_type"[0m [37m"t"[0m [94mINNER JOIN[0m [37m"pg_namespace"[0m [37m"n"[0m [94mON[0m [37m"n"[0m[37m.[0m[37m"oid"[0m [37m=[0m [37m"t"[0m[37m.[0m[37m"typnamespace"[0m [94mWHERE[0m [37m"n"[0m[37m.[0m[37m"nspname"[0m [37m=[0m [37m'public'[0m [94mAND[0m [37m"t"[0m[37m.[0m[37m"typname"[0m [37m=[0m [37m'payments_type_enum'[0m
[90m[4mquery:[24m[39m [94mCREATE[0m [37mTYPE[0m [37m"public"[0m[37m.[0m[37m"payments_type_enum"[0m [94mAS[0m [95mENUM[0m[37m([0m[37m'INSTALLMENT'[0m[37m,[0m [37m'REGISTRATION_FEE'[0m[37m)[0m
[90m[4mquery:[24m[39m [94mALTER TABLE[0m [37m"payments"[0m [94mADD[0m [37m"type"[0m [37m"public"[0m[37m.[0m[37m"payments_type_enum"[0m [94mNOT NULL[0m [94mDEFAULT[0m [37m'INSTALLMENT'[0m
[90m[4mquery:[24m[39m [94mALTER TABLE[0m [37m"students"[0m [94mADD[0m [37m"is_registration_fee_paid"[0m [37mboolean[0m [94mNOT NULL[0m [94mDEFAULT[0m [94mfalse[0m
[90m[4mquery:[24m[39m [94mALTER TABLE[0m [37m"users"[0m [94mDROP COLUMN[0m [37m"first_name"[0m
[90m[4mquery:[24m[39m [94mALTER TABLE[0m [37m"users"[0m [94mADD[0m [37m"first_name"[0m [37mcharacter[0m [37mvarying[0m [94mNOT NULL[0m
[4m[31mquery failed:[39m[24m [94mALTER TABLE[0m [37m"users"[0m [94mADD[0m [37m"first_name"[0m [37mcharacter[0m [37mvarying[0m [94mNOT NULL[0m
[4m[31merror:[39m[24m error: la colonne ┬½ first_name ┬╗ de la table ┬½ users ┬╗ contient des valeurs NULL
[90m[4mquery:[24m[39m [37mROLLBACK[0m
node.exe : ÔØî Error 
connecting to database: 
QueryFailedError: la colonne 
┬½ first_name ┬╗ de la table 
┬½ users ┬╗ contient des 
valeurs NULL
Au caractère C:\Program 
Files\nodejs\npx.ps1:29 : 3
+   & $NODE_EXE $NPX_CLI_JS 
$args
+   
~~~~~~~~~~~~~~~~~~~~~~~~~~~~~
    + CategoryInfo          :  
   NotSpecified: (ÔØî Error c  
  onne...es valeurs NULL:Str   
 ing) [], RemoteException
    + FullyQualifiedErrorId :  
   NativeCommandError
 
    at 
PostgresQueryRunner.query (C:\U
sers\Youcef\Desktop\ecole_forma
tion\backend\node_modules\typeo
rm\src\driver\postgres\Postgres
QueryRunner.ts:325:19)
    at 
processTicksAndRejections (node
:internal/process/task_queues:1
05:5)
    at async PostgresQueryRunne
r.executeQueries (C:\Users\Youc
ef\Desktop\ecole_formation\back
end\node_modules\src\query-runn
er\BaseQueryRunner.ts:681:13)
    at async 
PostgresQueryRunner.addColumn (
C:\Users\Youcef\Desktop\ecole_f
ormation\backend\node_modules\t
ypeorm\src\driver\postgres\Post
gresQueryRunner.ts:1160:9)
    at async PostgresQueryRunne
r.changeColumn (C:\Users\Youcef
\Desktop\ecole_formation\backen
d\node_modules\typeorm\src\driv
er\postgres\PostgresQueryRunner
.ts:1245:13)
    at async PostgresQueryRunne
r.changeColumns (C:\Users\Youce
f\Desktop\ecole_formation\backe
nd\node_modules\typeorm\src\dri
ver\postgres\PostgresQueryRunne
r.ts:2319:13)
    at async RdbmsSchemaBuilder
.updateExistColumns (C:\Users\Y
oucef\Desktop\ecole_formation\b
ackend\node_modules\src\schema-
builder\RdbmsSchemaBuilder.ts:9
69:13)
    at async RdbmsSchemaBuilder
.executeSchemaSyncOperationsInP
roperOrder (C:\Users\Youcef\Des
ktop\ecole_formation\backend\no
de_modules\src\schema-builder\R
dbmsSchemaBuilder.ts:229:9)
    at async 
RdbmsSchemaBuilder.build (C:\Us
ers\Youcef\Desktop\ecole_format
ion\backend\node_modules\src\sc
hema-builder\RdbmsSchemaBuilder
.ts:95:13)
    at async 
DataSource.synchronize (C:\User
s\Youcef\Desktop\ecole_formatio
n\backend\node_modules\src\data
-source\DataSource.ts:340:9) {
  query: 'ALTER TABLE "users" 
ADD "first_name" character 
varying NOT NULL',
  parameters: undefined,
  driverError: error: la 
colonne ┬½ first_name ┬╗ de la 
table ┬½ users ┬╗ contient des 
valeurs NULL
      at C:\Users\Youcef\Deskto
p\ecole_formation\backend\node_
modules\pg\lib\client.js:545:17
      at 
processTicksAndRejections (node
:internal/process/task_queues:1
05:5)
      at async 
PostgresQueryRunner.query (C:\U
sers\Youcef\Desktop\ecole_forma
tion\backend\node_modules\typeo
rm\src\driver\postgres\Postgres
QueryRunner.ts:254:25)
      at async PostgresQueryRun
ner.executeQueries (C:\Users\Yo
ucef\Desktop\ecole_formation\ba
ckend\node_modules\src\query-ru
nner\BaseQueryRunner.ts:681:13)
      at async 
PostgresQueryRunner.addColumn (
C:\Users\Youcef\Desktop\ecole_f
ormation\backend\node_modules\t
ypeorm\src\driver\postgres\Post
gresQueryRunner.ts:1160:9)
      at async PostgresQueryRun
ner.changeColumn (C:\Users\Youc
ef\Desktop\ecole_formation\back
end\node_modules\typeorm\src\dr
iver\postgres\PostgresQueryRunn
er.ts:1245:13)
      at async PostgresQueryRun
ner.changeColumns (C:\Users\You
cef\Desktop\ecole_formation\bac
kend\node_modules\typeorm\src\d
river\postgres\PostgresQueryRun
ner.ts:2319:13)
      at async RdbmsSchemaBuild
er.updateExistColumns (C:\Users
\Youcef\Desktop\ecole_formation
\backend\node_modules\src\schem
a-builder\RdbmsSchemaBuilder.ts
:969:13)
      at async RdbmsSchemaBuild
er.executeSchemaSyncOperationsI
nProperOrder (C:\Users\Youcef\D
esktop\ecole_formation\backend\
node_modules\src\schema-builder
\RdbmsSchemaBuilder.ts:229:9)
      at async 
RdbmsSchemaBuilder.build (C:\Us
ers\Youcef\Desktop\ecole_format
ion\backend\node_modules\src\sc
hema-builder\RdbmsSchemaBuilder
.ts:95:13) {
    length: 168,
    severity: 'ERREUR',
    code: '23502',
    detail: undefined,
    hint: undefined,
    position: undefined,
    internalPosition: 
undefined,
    internalQuery: undefined,
    where: undefined,
    schema: 'public',
    table: 'users',
    column: 'first_name',
    dataType: undefined,
    constraint: undefined,
    file: 'tablecmds.c',
    line: '6284',
    routine: 'ATRewriteTable'
  },
  length: 168,
  severity: 'ERREUR',
  code: '23502',
  detail: undefined,
  hint: undefined,
  position: undefined,
  internalPosition: undefined,
  internalQuery: undefined,
  where: undefined,
  schema: 'public',
  table: 'users',
  column: 'first_name',
  dataType: undefined,
  constraint: undefined,
  file: 'tablecmds.c',
  line: '6284',
  routine: 'ATRewriteTable'
}
